// Jest Snapshot v1, https://goo.gl/fbAQLP

exports[`Badge component matches snapshot 1`] = `
<DocumentFragment>
  <div
    class=""
  >
    <div
      aria-describedby="tippy-tooltip-1"
      class="w-100"
      data-original-title="undefined"
      data-tooltipped=""
      style="display: inline;"
    >
      <div
        class="flex items-center"
      >
        <span
          class="badge warning"
          data-testid="badge"
        >
          Snapshot Test
        </span>
      </div>
    </div>
  </div>
</DocumentFragment>
`;

exports[`Badge component should match snapshot 1`] = `
<span
  className="badge warning"
  data-testid="badge"
>
  Tooltip Badge
</span>
`;
