// Jest Snapshot v1, https://goo.gl/fbAQLP

exports[`DoubleTile component should match snapshot for sample props 1`] = `
<DocumentFragment>
  <div
    class="double-tile"
    data-testid="double-tile"
  >
    <span
      class="double-tile__title"
    >
      Card Title
    </span>
    <div
      class="d-flex"
    >
      <div
        class="double-tile__first-value-block"
      >
        <span
          class="double-tile__value-number"
        >
          75
        </span>
        <span
          class="double-tile__subtitle"
        >
          First Subtitle
        </span>
      </div>
      <div
        class="double-tile__second-value-block"
      >
        <span
          class="double-tile__value-number"
        >
          1500
        </span>
        <span
          class="double-tile__subtitle"
        >
          Second Subtitle
        </span>
      </div>
    </div>
    <div
      class="double-tile__tooltip"
    >
      <div
        class=""
      >
        <div
          aria-describedby="tippy-tooltip-1"
          class="w-100"
          data-original-title="undefined"
          data-tooltipped=""
          style="display: inline;"
        >
          <div
            class="flex items-center"
          >
            <svg
              fill="currentColor"
              height="20"
              stroke="currentColor"
              stroke-width="0"
              viewBox="0 0 24 24"
              width="20"
              xmlns="http://www.w3.org/2000/svg"
            >
              <g>
                <path
                  d="M0 0h24v24H0z"
                  fill="none"
                />
                <path
                  d="M12 22C6.477 22 2 17.523 2 12S6.477 2 12 2s10 4.477 10 10-4.477 10-10 10zm0-2a8 8 0 1 0 0-16 8 8 0 0 0 0 16zM11 7h2v2h-2V7zm0 4h2v6h-2v-6z"
                />
              </g>
            </svg>
          </div>
        </div>
      </div>
    </div>
  </div>
</DocumentFragment>
`;
