// Jest Snapshot v1, https://goo.gl/fbAQLP

exports[`getCommonPinningStyles should match snapshot for sample params 1`] = `
{
  "background": false,
  "boxShadow": undefined,
  "clipPath": undefined,
  "flex": 100,
  "left": undefined,
  "marginRight": undefined,
  "position": false,
  "width": 100,
  "zIndex": 0,
}
`;
