// Jest Snapshot v1, https://goo.gl/fbAQLP

exports[`status indicator should match snapshot 1`] = `
<div
  className="d-flex align-items-center justify-content-between"
  data-testid="status-indicator"
>
  <div
    className="d-flex justify-content-between align-items-center"
  >
    <span
      className="test-circle status-circle"
    />
    <span
      className="px-1"
    >
      test status to display
    </span>
  </div>
</div>
`;
